⚠ Warning: nvcc not found. CUDA may not be properly configured.
⚠ Warning: mpiexec not found. MPI may not be properly configured.
Environment setup complete!
=========================================
Starting NON-DETERMINISTIC HDD FULL execution (build + merge with HDD storage)
Starting execution at: Sun Feb  1 09:19:27 PM UTC 2026
=========================================
PREPARE SET TO false.
SHARDS SET TO 6.
N SET TO 10000000.
Data path: ../../shared_data/vectors
Total vecs num: 10000000
Shards num: 6
Max vecs num. per shard: 10000000
Vecs num. per shard: 1666666
Vecs num. of last shard: 1666670
There is no active ID.
-> 10000000
Na hora de criar o grafo: NUM: 10000000 e DIM = 32
SIZET = 2640000000
Na hora de criar o grafo: NUM: 10000000 e DIM = 32
SIZET = 2640000000
Iniciou?GPU 0 is activated
GPU 1 is activated
GPU 2 is activated
Building No. 0
Building No. 1
Building No. 2
End building No.0 in 1.41459 seconds
End building No.1 in 1.27546 seconds
End building No.2 in 1.3258 seconds
GPU 0 is activated
GPU 1 is activated
GPU 2 is activated
Building No. 5
Building No. 3
Building No. 4
End building No.3 in 1.27598 seconds
End building No.5 in 1.2806 seconds
End building No.4 in 1.28438 seconds

Iniciando o merge
Shard 0 foi ativado e ira comecar
END para 0 -> 23074285791008 

Shard 0 foi read e ira comecar
Merge costs: J = 1 I = 0 6.70735
Write KNN graph costs: 0.889933
Merge costs: J = 2 I = 0 7.14341
Write KNN graph costs: 0.91917
Merge costs: J = 3 I = 0 6.4558
Shard 1 foi ativado e ira comecar
END para 1 -> 23074390652704 

Shard 1 foi read e ira comecar
Write KNN graph costs: 0.918958
Merge costs: J = 4 I = 0 6.46559
Merge costs: J = 2 I = 1 7.2158
Write KNN graph costs: 1.22376
Write KNN graph costs: 1.20017
Merge costs: J = 3 I = 1 6.53961
Merge costs: J = 5 I = 0 6.71218
Write KNN graph costs: 1.20802
Write KNN graph costs: 1.26765
Merge costs: J = 4 I = 1 6.29091
Shard 2 foi ativado e ira comecar
END para 2 -> 23074388551456 

Shard 2 foi read e ira comecar
Write KNN graph costs: 0.932067
Merge costs: J = 3 I = 2 7.13038
Merge costs: J = 5 I = 1 6.52536
Write KNN graph costs: 1.22627
Write KNN graph costs: 1.24361
Merge costs: J = 4 I = 2 6.71383
Write KNN graph costs: 0.89129
Merge costs: J = 5 I = 2 6.98394
Write KNN graph costs: 0.881493
Shard 3 foi ativado e ira comecar
END para 3 -> 23074388551456 

Shard 3 foi read e ira comecar
Merge costs: J = 4 I = 3 6.5166
Write KNN graph costs: 0.890651
Merge costs: J = 5 I = 3 6.47972
Write KNN graph costs: 0.891499
Iniciando o último merge
Shard 4 foi ativado e ira comecar
END para 4 -> 140727945307504 

Shard 4 foi read e ira comecar
Merge costs: J = 5 I = 4 6.59882
Write KNN graph costs: 0.887625
Time cost = 114.503029 
=========================================
Execution finished at: Sun Feb  1 09:22:06 PM UTC 2026
Total time elapsed: 2 minutes 39 seconds
=========================================
⚠ Warning: nvcc not found. CUDA may not be properly configured.
⚠ Warning: mpiexec not found. MPI may not be properly configured.
Environment setup complete!
=========================================
Starting NON-DETERMINISTIC HDD FULL execution (build + merge with HDD storage)
Starting execution at: Sun Feb  1 09:24:08 PM UTC 2026
=========================================
PREPARE SET TO false.
SHARDS SET TO 9.
N SET TO 10000000.
Data path: ../../shared_data/vectors
Total vecs num: 10000000
Shards num: 9
Max vecs num. per shard: 10000000
Vecs num. per shard: 1111111
Vecs num. of last shard: 1111112
There is no active ID.
-> 10000000
Na hora de criar o grafo: NUM: 10000000 e DIM = 32
SIZET = 2640000000
Na hora de criar o grafo: NUM: 10000000 e DIM = 32
SIZET = 2640000000
Iniciou?GPU 0 is activated
GPU 1 is activated
GPU 2 is activated
Building No. 0
Building No. 1
Building No. 2
End building No.0 in 1.08869 seconds
End building No.1 in 0.898036 seconds
End building No.2 in 0.958477 seconds
GPU 0 is activated
GPU GPU 1 is activated2
 is activated
Building No. 4
Building No. 3
Building No. 5
End building No.3 in 0.903531 seconds
End building No.5 in 0.905115 seconds
End building No.4 in 0.906612 seconds
GPU 0 is activated
GPU GPU 1 is activated
2 is activated
Building No. 7
Building No. 6
Building No. 8
End building No.8 in 0.87578 seconds
End building No.7 in 0.917898 seconds
End building No.6 in 0.938506 seconds

Iniciando o merge
Shard 0 foi ativado e ira comecar
END para 0 -> 23291478660896 

Shard 0 foi read e ira comecar
Merge costs: J = 1 I = 0 4.5633
Write KNN graph costs: 0.594876
Merge costs: J = 2 I = 0 4.55292
Write KNN graph costs: 0.592567
Merge costs: J = 3 I = 0 4.81459
Shard 1 foi ativado e ira comecar
END para 1 -> 23292222523168 

Shard 1 foi read e ira comecar
Write KNN graph costs: 0.617199
Merge costs: J = 2 I = 1 4.34647
Merge costs: J = 4 I = 0 4.51726
Write KNN graph costs: 0.621237
Write KNN graph costs: 0.605145
Merge costs: J = 3 I = 1 4.43341
Write KNN graph costs: 0.603453
Merge costs: J = 5 I = 0 4.90868
Write KNN graph costs: 0.599814
Merge costs: J = 4 I = 1 4.23081
Shard 2 foi ativado e ira comecar
END para 2 -> 23292220421920 

Shard 2 foi read e ira comecar
Write KNN graph costs: 0.627458
Merge costs: J = 6 I = 0 4.80356
Write KNN graph costs: 0.610554
Merge costs: J = 3 I = 2 4.66288
Merge costs: J = 5 I = 1 4.4471
Write KNN graph costs: 0.80302
Write KNN graph costs: 0.758448
Merge costs: J = 7 I = 0 4.58203
Write KNN graph costs: 0.603803
Merge costs: J = 4 I = 2 4.26461
Merge costs: J = 6 I = 1 4.3158
Write KNN graph costs: 0.766761
Write KNN graph costs: 0.760643
Merge costs: J = 8 I = 0 4.50726
Write KNN graph costs: 0.611899
Merge costs: J = 7 I = 1 4.18665
Merge costs: J = 5 I = 2 4.53611
Write KNN graph costs: 0.827899
Write KNN graph costs: 0.824087
Merge costs: J = 8 I = 1 4.10182
Merge costs: J = 6 I = 2 4.59009
Write KNN graph costs: 0.6535
Write KNN graph costs: 0.641172
Merge costs: J = 7 I = 2 4.276
Write KNN graph costs: 0.590933
Merge costs: J = 8 I = 2 4.11115
Write KNN graph costs: 0.593334
Shard 3 foi ativado e ira comecar
END para 3 -> 23292220421920 

Shard 3 foi read e ira comecar
Merge costs: J = 4 I = 3 4.66215
Write KNN graph costs: 0.591459
Merge costs: J = 5 I = 3 4.79517
Write KNN graph costs: 0.596397
Merge costs: J = 6 I = 3 4.72514
Shard 4 foi ativado e ira comecar
END para 4 -> 23292222523168 

Shard 4 foi read e ira comecar
Write KNN graph costs: 0.617011
Merge costs: J = 5 I = 4 4.67596
Merge costs: J = 7 I = 3 4.50174
Write KNN graph costs: 0.730017
Write KNN graph costs: 0.751022
Merge costs: J = 6 I = 4 4.44301
Merge costs: J = 8 I = 3 4.42811
Write KNN graph costs: 0.720577
Write KNN graph costs: 0.73391
Merge costs: J = 7 I = 4 4.26935
Shard 5 foi ativado e ira comecar
END para 5 -> 23291478660896 

Shard 5 foi read e ira comecar
Write KNN graph costs: 0.628167
Merge costs: J = 8 I = 4 4.12244
Merge costs: J = 6 I = 5 5.00145
Write KNN graph costs: 0.686321
Write KNN graph costs: 0.68022
Merge costs: J = 7 I = 5 4.63178
Write KNN graph costs: 0.596803
Merge costs: J = 8 I = 5 4.51718
Write KNN graph costs: 0.59765
Shard 6 foi ativado e ira comecar
END para 6 -> 23291478660896 

Shard 6 foi read e ira comecar
Merge costs: J = 7 I = 6 4.70923
Write KNN graph costs: 0.590224
Merge costs: J = 8 I = 6 4.4135
Write KNN graph costs: 0.591451
Iniciando o último merge
Shard 7 foi ativado e ira comecar
END para 7 -> 140737133173120 

Shard 7 foi read e ira comecar
Merge costs: J = 8 I = 7 4.38082
Write KNN graph costs: 0.595901
Time cost = 147.825897 
=========================================
Execution finished at: Sun Feb  1 09:27:20 PM UTC 2026
Total time elapsed: 3 minutes 12 seconds
=========================================
